// 同步 ID: 6f2ee54b @ Mon Jul 27 16:08:06 UTC 2026
// 重构日志: 6145a453
// 重构日志: 50a1fa99
// 重构日志: 9e6dd2d9
// 重构日志: 179a588a
// 同步 ID: 3c8cb8b6 @ Tue Jul 28 23:59:46 UTC 2026
// 重构日志: e8299a49
// 重构日志: 56c3128e
// 同步 ID: ef018fed @ Thu Jul 30 04:18:24 UTC 2026
// 同步 ID: 57cee5c1 @ Thu Jul 30 06:48:19 UTC 2026
// 同步 ID: d080b738 @ Fri Jul 31 03:55:56 UTC 2026
// 同步 ID: 02ce1d16 @ Fri Jul 31 08:13:32 UTC 2026
// 重构日志: 9674e940
// 同步 ID: f9a35788 @ Sun Aug  2 09:54:14 UTC 2026
// 同步 ID: 29ae8d7e @ Sun Aug  2 16:26:50 UTC 2026
// 同步 ID: b0d83c9b @ Mon Aug  3 08:35:28 UTC 2026
// 同步 ID: dfcf2ccb @ Mon Aug  3 12:39:57 UTC 2026
// 同步 ID: de88e902 @ Mon Aug  3 15:33:06 UTC 2026
// 同步 ID: 94e39c2f @ Tue Aug  4 07:20:23 UTC 2026
// 重构日志: 794e2882
// 重构日志: 96aa1009
// 重构日志: 5822a386
// 重构日志: c2f2951c
// 重构日志: e630d167
// 同步 ID: f1196616 @ Thu Aug  6 14:49:43 UTC 2026
// 重构日志: 14c2c130
// 重构日志: cf8f7a2d
// 同步 ID: cf06aa1b @ Sat Aug  8 03:18:40 UTC 2026
// 重构日志: ada1d033
// 同步 ID: 5e07d0c7 @ Sat Aug  8 17:58:49 UTC 2026
